// Jest Snapshot v1, https://goo.gl/fbAQLP

exports[`Tab renders as expected 1`] = `
<button
  className="tab "
  id="#_tab"
  onClick={[Function]}
  type="button"
/>
`;
