// Jest Snapshot v1, https://goo.gl/fbAQLP

exports[`Tabs renders as expected 1`] = `
<div
  className="tabs"
/>
`;
