// Jest Snapshot v1, https://goo.gl/fbAQLP

exports[`TextLabel renders as expected 1`] = `
<div>
  :Â 
</div>
`;
