// Jest Snapshot v1, https://goo.gl/fbAQLP

exports[`PageNotFound renders as expected 1`] = `
<h1>
   Page not found
</h1>
`;
