// Jest Snapshot v1, https://goo.gl/fbAQLP

exports[`TabbedPage renders as expected 1`] = `
<div
  className="tabbedContainer"
>
  <WithStyles(ForwardRef(Tabs))
    onChange={[Function]}
    value={0}
  >
    <WithStyles(ForwardRef(Tab))
      key="page1"
      label="page1"
    />
    <WithStyles(ForwardRef(Tab))
      key="page2"
      label="page2"
    />
  </WithStyles(ForwardRef(Tabs))>
  <p>
    text1
  </p>
</div>
`;
